// Jest Snapshot v1, https://goo.gl/fbAQLP

exports[`App renders correctly 1`] = `
<div>
  <div
    style={
      Object {
        "alignItems": "center",
        "display": "flex",
        "justifyContent": "center",
        "marginBottom": "2rem",
        "marginTop": "2rem",
        "width": "100vw",
      }
    }
  >
    <h2>
      Gift Giver
    </h2>
  </div>
  <div
    className="gift-list"
  />
  <div
    style={
      Object {
        "alignItems": "center",
        "display": "flex",
        "justifyContent": "center",
        "width": "100vw",
      }
    }
  >
    <Button
      active={false}
      className="btn-add"
      disabled={false}
      onClick={[Function]}
      variant="primary"
    >
      Add Gift
    </Button>
  </div>
</div>
`;
